HI-TECH Software C Compiler 

Linker command line:

--edf=C:\Program Files (x86)\HI-TECH Software\PICC\9.80\dat\en_msgs.txt -cs \
  -h+led1.sym -z -Q16F887 -ol.obj -Mled1.map -E1 -ACONST=00h-0FFhx32 \
  -ACODE=00h-07FFhx4 -ASTRCODE=00h-01FFFh -AENTRY=00h-0FFhx32 \
  -ASTRING=00h-0FFhx32 -ABANK0=020h-06Fh -ABANK1=0A0h-0EFh \
  -ABANK2=0110h-016Fh -ABANK3=0190h-01EFh \
  -ARAM=020h-06Fh,0A0h-0EFh,0110h-016Fh,0190h-01EFh \
  -AABS1=020h-07Fh,0A0h-0EFh,0110h-016Fh,0190h-01EFh -ACOMMON=070h-07Fh \
  -ASFR0=00h-01Fh -ASFR1=080h-09Fh -ASFR2=0100h-010Fh -ASFR3=0180h-018Fh \
  -preset_vec=00h,intentry=04h,init,end_init -ppowerup=CODE -pfunctab=CODE \
  -ACONFIG=02007h-02008h -pconfig=CONFIG -DCONFIG=2 -AIDLOC=02000h-02003h \
  -pidloc=IDLOC -DIDLOC=2 -AEEDATA=00h-0FFh/02100h -peeprom_data=EEDATA \
  -DEEDATA=2 -DCODE=2 -DSTRCODE=2 -DSTRING=2 -DCONST=2 -DENTRY=2 -k \
  startup.obj led1.obj 

Object code version is 3.10

Machine type is 16F887



                Name                               Link     Load   Length Selector   Space Scale
startup.obj     end_init                             12       12        3        8       0
                reset_vec                             0        0        3        0       0
led1.obj        intentry                              4        4        E        8       0
                config                             2007     2007        1     400E       0
                text1013                            B6F      B6F       52     16DE       0
                text1012                            9B9      9B9        C     1372       0
                text1011                              3        3        1        0       0
                text1010                            A1D      A1D       1B     143A       0
                text1009                            D02      D02       7D     1A04       0
                text1008                            E98      E98       A6     1D30       0
                text1007                            C87      C87       7B     190E       0
                text1006                            9C5      9C5        E     138A       0
                text1005                            C1B      C1B       6C     1836       0
                text1004                            A7E      A7E       28     14FC       0
                text1003                            A38      A38       21     1470       0
                text1002                            9EA      9EA       19     13D4       0
                text1001                            7A3      7A3       5D       42       0
                text1000                            B37      B37       38     166E       0
                text999                             F3E      F3E       C2     1E7C       0
                text998                             B04      B04       33     1608       0
                text997                             264      264      14A       42       0
                text996                             6DB      6DB       C8       42       0
                text995                             5ED      5ED       EE       42       0
                text994                             AD4      AD4       30     15A8       0
                text993                             9D3      9D3       17     13A6       0
                text992                             D7F      D7F       87     1AFE       0
                text991                             AA6      AA6       2E     154C       0
                text990                             3AE      3AE      12B       42       0
                text989                             4D9      4D9      114       42       0
                text988                             BC1      BC1       5A     1782       0
                text987                             A59      A59       25     14B2       0
                text986                              21       21      243       42       0
                maintext                            E06      E06       92     1C0C       0
                cstackBANK0                          20       20       3C       20       1
                cstackCOMMON                         70       70        5       70       1
                cstackBANK1                          E7       E7        4       A0       1
                clrtext                             9B1      9B1        8     1362       0
                bssBANK1                             A0       A0       47       A0       1
                bssBANK0                             5C       5C       14       20       1
                bssCOMMON                            75       75        4       70       1
                bitbssCOMMON                        3C8       79        1       70       1     8
                cinit                               A03      A03       1A     1406       0
                strings                              15       15        C       2A       0

TOTAL           Name                               Link     Load   Length     Space
        CLASS   CONST          

        CLASS   CODE           
                end_init                             12       12        3         0
                intentry                              4        4        E         0
                reset_vec                             0        0        3         0
                text1013                            B6F      B6F       52         0
                text1012                            9B9      9B9        C         0
                text1011                              3        3        1         0
                text1010                            A1D      A1D       1B         0
                text1009                            D02      D02       7D         0
                text1008                            E98      E98       A6         0
                text1007                            C87      C87       7B         0
                text1006                            9C5      9C5        E         0
                text1005                            C1B      C1B       6C         0
                text1004                            A7E      A7E       28         0
                text1003                            A38      A38       21         0
                text1002                            9EA      9EA       19         0
                text1001                            7A3      7A3       5D         0
                text1000                            B37      B37       38         0
                text999                             F3E      F3E       C2         0
                text998                             B04      B04       33         0
                text997                             264      264      14A         0
                text996                             6DB      6DB       C8         0
                text995                             5ED      5ED       EE         0
                text994                             AD4      AD4       30         0
                text993                             9D3      9D3       17         0
                text992                             D7F      D7F       87         0
                text991                             AA6      AA6       2E         0
                text990                             3AE      3AE      12B         0
                text989                             4D9      4D9      114         0
                text988                             BC1      BC1       5A         0
                text987                             A59      A59       25         0
                text986                              21       21      243         0
                maintext                            E06      E06       92         0
                clrtext                             9B1      9B1        8         0
                cinit                               A03      A03       1A         0

        CLASS   STRCODE        

        CLASS   ENTRY          

        CLASS   STRING         
                strings                              15       15        C         0

        CLASS   BANK0          
                cstackBANK0                          20       20       3C         1
                bssBANK0                             5C       5C       14         1

        CLASS   BANK1          
                cstackBANK1                          E7       E7        4         1
                bssBANK1                             A0       A0       47         1

        CLASS   BANK2          

        CLASS   BANK3          

        CLASS   RAM            

        CLASS   ABS1           
                abs_s1                               7E       7E        2         1

        CLASS   COMMON         
                cstackCOMMON                         70       70        5         1
                bssCOMMON                            75       75        4         1
                bitbssCOMMON                        3C8       79        1         1

        CLASS   SFR0           

        CLASS   SFR1           

        CLASS   SFR2           

        CLASS   SFR3           

        CLASS   CONFIG         
                config                             2007     2007        1         0

        CLASS   IDLOC          

        CLASS   EEDATA         



SEGMENTS        Name                           Load    Length   Top    Selector   Space  Class     Delta

                reset_vec                      000000  000004  000004         0       0  CODE        2
                intentry                       000004  000011  000015         8       0  CODE        2
                cstackBANK0                    000020  000050  000070        20       1  BANK0       1
                strings                        000015  00000C  000021        2A       0  STRING      2
                text986                        000021  0007DF  000800        42       0  CODE        2
                cstackCOMMON                   000070  00000A  00007A        70       1  COMMON      1
                bssBANK1                       0000A0  00004B  0000EB        A0       1  BANK1       1
                clrtext                        0009B1  000008  0009B9      1362       0  CODE        2
                text1012                       0009B9  00000C  0009C5      1372       0  CODE        2
                text1006                       0009C5  00000E  0009D3      138A       0  CODE        2
                text993                        0009D3  000017  0009EA      13A6       0  CODE        2
                text1002                       0009EA  000019  000A03      13D4       0  CODE        2
                cinit                          000A03  00001A  000A1D      1406       0  CODE        2
                text1010                       000A1D  00001B  000A38      143A       0  CODE        2
                text1003                       000A38  000021  000A59      1470       0  CODE        2
                text987                        000A59  000025  000A7E      14B2       0  CODE        2
                text1004                       000A7E  000028  000AA6      14FC       0  CODE        2
                text991                        000AA6  00002E  000AD4      154C       0  CODE        2
                text994                        000AD4  000030  000B04      15A8       0  CODE        2
                text998                        000B04  000033  000B37      1608       0  CODE        2
                text1000                       000B37  000038  000B6F      166E       0  CODE        2
                text1013                       000B6F  000052  000BC1      16DE       0  CODE        2
                text988                        000BC1  00005A  000C1B      1782       0  CODE        2
                text1005                       000C1B  00006C  000C87      1836       0  CODE        2
                text1007                       000C87  00007B  000D02      190E       0  CODE        2
                text1009                       000D02  00007D  000D7F      1A04       0  CODE        2
                text992                        000D7F  000087  000E06      1AFE       0  CODE        2
                maintext                       000E06  000092  000E98      1C0C       0  CODE        2
                text1008                       000E98  0000A6  000F3E      1D30       0  CODE        2
                text999                        000F3E  0000C2  001000      1E7C       0  CODE        2
                config                         002007  000001  002008      400E       0  CONFIG      2


UNUSED ADDRESS RANGES

        Name                Unused          Largest block    Delta
        BANK1            00EB-00EF              5           1
        BANK2            0110-016F             60           1
        BANK3            0190-01EF             60           1
        CODE             0800-09B0            1B1           2
                         1000-1FFF            800
        COMMON           007A-007D              4           1
        CONFIG           2008-2008              1           2
        CONST            0800-09B0            100           2
                         1000-1FFF            100
        EEDATA           2100-21FF            100           2
        ENTRY            0800-09B0            100           2
                         1000-1FFF            100
        IDLOC            2000-2003              4           2
        RAM              00EB-00EF              5           1
                         0110-016F             60
                         0190-01EF             60
        SFR0             0000-001F             20           1
        SFR1             0080-009F             20           1
        SFR2             0100-010F             10           1
        SFR3             0180-018F             10           1
        STRCODE          0800-09B0            1B1           2
                         1000-1FFF           1000
        STRING           0800-09B0            100           2
                         1000-1FFF            100

                                  Symbol Table

??_BH1750_read         cstackBANK0  004F
??_BH1750_write        cstackBANK0  0025
??_I2C_read            cstackBANK0  0020
??_I2C_start           cstackBANK0  0020
??_I2C_stop            cstackBANK0  0020
??_I2C_write           cstackBANK0  0020
??___awdiv             cstackBANK0  002B
??___awmod             cstackBANK0  0024
??___awtoft            cstackBANK0  003C
??___ftadd             cstackBANK0  0045
??___ftdiv             cstackBANK0  0045
??___ftmul             cstackBANK0  0052
??___ftneg             cstackBANK0  002B
??___ftpack            cstackBANK0  0025
??___fttol             cstackBANK0  002F
??_delay_ms            cstackBANK0  0022
??_i2c_dly             cstackBANK0  0020
??_isprint             cstackBANK0  0020
??_lcd_busy            cstackBANK0  0020
??_lcd_gotoxy          cstackBANK0  0026
??_lcd_init            cstackBANK0  0025
??_lcd_put_byte        cstackBANK0  0021
??_lcd_putc            cstackBANK0  0029
??_lcd_puts            cstackBANK0  002B
??_main                cstackBANK1  00EA
??_send_lux            cstackBANK1  00E7
??_uart_isr            cstackCOMMON 0070
??_uart_tx             cstackBANK0  0020
??_xu_ly_lux           cstackBANK1  00E7
?_BH1750_read          cstackCOMMON 0070
?_BH1750_write         cstackBANK0  0023
?_I2C_read             cstackCOMMON 0070
?_I2C_start            cstackCOMMON 0070
?_I2C_stop             cstackCOMMON 0070
?_I2C_write            cstackCOMMON 0070
?___awdiv              cstackBANK0  0027
?___awmod              cstackBANK0  0020
?___awtoft             cstackBANK0  0039
?___ftadd              cstackBANK0  003F
?___ftdiv              cstackBANK0  003F
?___ftmul              cstackBANK0  004C
?___ftneg              cstackBANK0  0028
?___ftpack             cstackBANK0  0020
?___fttol              cstackBANK0  002B
?_delay_ms             cstackBANK0  0020
?_i2c_dly              cstackCOMMON 0070
?_isprint              cstackCOMMON 0070
?_lcd_busy             cstackCOMMON 0070
?_lcd_gotoxy           cstackBANK0  0025
?_lcd_init             cstackCOMMON 0070
?_lcd_put_byte         cstackBANK0  0020
?_lcd_putc             cstackCOMMON 0070
?_lcd_puts             cstackCOMMON 0070
?_main                 cstackCOMMON 0070
?_send_lux             cstackCOMMON 0070
?_uart_isr             cstackCOMMON 0070
?_uart_tx              cstackCOMMON 0070
?_xu_ly_lux            cstackCOMMON 0070
BH1750_read@hb         cstackBANK0  0052
BH1750_read@lb         cstackBANK0  0051
I2C_read@ack           cstackBANK0  0021
I2C_read@d             cstackBANK0  0022
I2C_read@x             cstackBANK0  0023
I2C_write@b            bitbssCOMMON 03C8
I2C_write@d            cstackBANK0  0021
I2C_write@x            cstackBANK0  0022
_ADCS0                 (abs)        00FE
_ADCS1                 (abs)        00FF
_ADFM                  (abs)        04FF
_ADON                  (abs)        00F8
_ANS2                  (abs)        0C42
_ANSEL                 (abs)        0188
_ANSELH                (abs)        0189
_BH1750_read           text992      0D7F
_BH1750_write          text993      09D3
_BRG16                 (abs)        0C3B
_CCP1CON               (abs)        0017
_CHS0                  (abs)        00FA
_CHS1                  (abs)        00FB
_CHS2                  (abs)        00FC
_CHS3                  (abs)        00FD
_GIE                   (abs)        005F
_I2C_read              text1001     07A3
_I2C_start             text1003     0A38
_I2C_stop              text1002     09EA
_I2C_write             text1000     0B37
_PEIE                  (abs)        005E
_PORTC                 (abs)        0007
_PR2                   (abs)        0092
_PS0                   (abs)        0408
_PS1                   (abs)        0409
_PS2                   (abs)        040A
_PSA                   (abs)        040B
_RC3                   (abs)        003B
_RC4                   (abs)        003C
_RCIE                  (abs)        0465
_RCIF                  (abs)        0065
_RCREG                 (abs)        001A
_RCSTA                 (abs)        0018
_RD1                   (abs)        0041
_RD2                   (abs)        0042
_RD3                   (abs)        0043
_RD4                   (abs)        0044
_RD5                   (abs)        0045
_RD6                   (abs)        0046
_RD7                   (abs)        0047
_SPBRG                 (abs)        0099
_SPBRGH                (abs)        009A
_SYNC                  (abs)        04C4
_T0CS                  (abs)        040D
_T0IE                  (abs)        005D
_T0IF                  (abs)        005A
_T0SE                  (abs)        040C
_T2CON                 (abs)        0012
_TMR0                  (abs)        0001
_TMR2ON                (abs)        0092
_TRISC1                (abs)        0439
_TRISC2                (abs)        043A
_TRISC3                (abs)        043B
_TRISC4                (abs)        043C
_TRISD1                (abs)        0441
_TRISD2                (abs)        0442
_TRISD3                (abs)        0443
_TRISD4                (abs)        0444
_TRISD5                (abs)        0445
_TRISD6                (abs)        0446
_TRISD7                (abs)        0447
_TXIF                  (abs)        0064
_TXREG                 (abs)        0019
_TXSTA                 (abs)        0098
_VCFG0                 (abs)        04FC
_VCFG1                 (abs)        04FD
__Habs1                abs1         0000
__Hbank0               bank0        0000
__Hbank1               bank1        0000
__Hbank2               bank2        0000
__Hbank3               bank3        0000
__HbitbssCOMMON        bitbssCOMMON 0000
__HbssBANK0            bssBANK0     0000
__HbssBANK1            bssBANK1     0000
__HbssCOMMON           bssCOMMON    0000
__Hcinit               cinit        0000
__Hclrtext             clrtext      0000
__Hcode                code         0000
__Hcommon              common       0000
__Hconfig              config       2008
__HcstackBANK0         cstackBANK0  0000
__HcstackBANK1         cstackBANK1  0000
__HcstackCOMMON        cstackCOMMON 0000
__Heeprom_data         eeprom_data  0000
__Hend_init            end_init     0015
__Hfunctab             functab      0000
__Hidloc               idloc        0000
__Hinit                init         0012
__Hintentry            intentry     0012
__Hmaintext            maintext     0000
__Hpowerup             powerup      0000
__Hram                 ram          0000
__Hreset_vec           reset_vec    0003
__Hsfr0                sfr0         0000
__Hsfr1                sfr1         0000
__Hsfr2                sfr2         0000
__Hsfr3                sfr3         0000
__Hstrings             strings      0000
__Htext                text         0000
__Labs1                abs1         0000
__Lbank0               bank0        0000
__Lbank1               bank1        0000
__Lbank2               bank2        0000
__Lbank3               bank3        0000
__LbitbssCOMMON        bitbssCOMMON 0000
__LbssBANK0            bssBANK0     0000
__LbssBANK1            bssBANK1     0000
__LbssCOMMON           bssCOMMON    0000
__Lcinit               cinit        0000
__Lclrtext             clrtext      0000
__Lcode                code         0000
__Lcommon              common       0000
__Lconfig              config       2007
__LcstackBANK0         cstackBANK0  0000
__LcstackBANK1         cstackBANK1  0000
__LcstackCOMMON        cstackCOMMON 0000
__Leeprom_data         eeprom_data  0000
__Lend_init            end_init     0012
__Lfunctab             functab      0000
__Lidloc               idloc        0000
__Linit                init         0012
__Lintentry            intentry     0004
__Lmaintext            maintext     0000
__Lpowerup             powerup      0000
__Lram                 ram          0000
__Lreset_vec           reset_vec    0000
__Lsfr0                sfr0         0000
__Lsfr1                sfr1         0000
__Lsfr2                sfr2         0000
__Lsfr3                sfr3         0000
__Lstrings             strings      0000
__Ltext                text         0000
__S0                   (abs)        2008
__S1                   (abs)        00EB
__S2                   (abs)        0000
___awdiv               text1007     0C87
___awdiv@counter       cstackBANK0  002C
___awdiv@dividend      cstackBANK0  0029
___awdiv@divisor       cstackBANK0  0027
___awdiv@quotient      cstackBANK0  002E
___awdiv@sign          cstackBANK0  002D
___awmod               text1005     0C1B
___awmod@counter       cstackBANK0  0025
___awmod@dividend      cstackBANK0  0022
___awmod@divisor       cstackBANK0  0020
___awmod@sign          cstackBANK0  0026
___awtoft              text994      0AD4
___awtoft@c            cstackBANK0  0039
___awtoft@sign         cstackBANK0  003E
___ftadd               text997      0264
___ftadd@exp1          cstackBANK0  004B
___ftadd@exp2          cstackBANK0  004A
___ftadd@f1            cstackBANK0  003F
___ftadd@f2            cstackBANK0  0042
___ftadd@sign          cstackBANK0  0049
___ftdiv               text996      06DB
___ftdiv@cntr          cstackBANK0  0049
___ftdiv@exp           cstackBANK0  004D
___ftdiv@f1            cstackBANK0  0042
___ftdiv@f2            cstackBANK0  003F
___ftdiv@f3            cstackBANK0  004A
___ftdiv@sign          cstackBANK0  004E
___ftmul               text995      05ED
___ftmul@cntr          cstackBANK0  005A
___ftmul@exp           cstackBANK0  0056
___ftmul@f1            cstackBANK0  004C
___ftmul@f2            cstackBANK0  004F
___ftmul@f3_as_product cstackBANK0  0057
___ftmul@sign          cstackBANK0  005B
___ftneg               text1006     09C5
___ftneg@f1            cstackBANK0  0028
___ftpack              text1009     0D02
___ftpack@arg          cstackBANK0  0020
___ftpack@exp          cstackBANK0  0023
___ftpack@sign         cstackBANK0  0024
___fttol               text1008     0E98
___fttol@exp1          cstackBANK0  0038
___fttol@f1            cstackBANK0  002B
___fttol@lval          cstackBANK0  0034
___fttol@sign1         cstackBANK0  0033
__end_of_BH1750_read   text992      0E06
__end_of_BH1750_write  text993      09EA
__end_of_I2C_read      text1001     0800
__end_of_I2C_start     text1003     0A59
__end_of_I2C_stop      text1002     0A03
__end_of_I2C_write     text1000     0B6F
__end_of___awdiv       text1007     0D02
__end_of___awmod       text1005     0C87
__end_of___awtoft      text994      0B04
__end_of___ftadd       text997      03AE
__end_of___ftdiv       text996      07A3
__end_of___ftmul       text995      06DB
__end_of___ftneg       text1006     09D3
__end_of___ftpack      text1009     0D7F
__end_of___fttol       text1008     0F3E
__end_of_delay_ms      text1004     0AA6
__end_of_i2c_dly       text1011     0004
__end_of_isprint       text1010     0A38
__end_of_lcd_busy      text998      0B37
__end_of_lcd_gotoxy    text991      0AD4
__end_of_lcd_init      text989      05ED
__end_of_lcd_put_byte  text999      1000
__end_of_lcd_putc      text988      0C1B
__end_of_lcd_puts      text987      0A7E
__end_of_main          maintext     0E98
__end_of_send_lux      text990      04D9
__end_of_uart_isr      text1013     0BC1
__end_of_uart_tx       text1012     09C5
__end_of_xu_ly_lux     text986      0264
__pbitbssCOMMON        bitbssCOMMON 03C8
__pbssBANK0            bssBANK0     005C
__pbssBANK1            bssBANK1     00A0
__pbssCOMMON           bssCOMMON    0075
__pcstackBANK0         cstackBANK0  0020
__pcstackBANK1         cstackBANK1  00E7
__pcstackCOMMON        cstackCOMMON 0070
__pintentry            intentry     0004
__pmaintext            maintext     0E06
__pstrings             strings      0015
__ptext1000            text1000     0B37
__ptext1001            text1001     07A3
__ptext1002            text1002     09EA
__ptext1003            text1003     0A38
__ptext1004            text1004     0A7E
__ptext1005            text1005     0C1B
__ptext1006            text1006     09C5
__ptext1007            text1007     0C87
__ptext1008            text1008     0E98
__ptext1009            text1009     0D02
__ptext1010            text1010     0A1D
__ptext1011            text1011     0003
__ptext1012            text1012     09B9
__ptext1013            text1013     0B6F
__ptext1014            text1014     0000
__ptext985             text985      0000
__ptext986             text986      0021
__ptext987             text987      0A59
__ptext988             text988      0BC1
__ptext989             text989      04D9
__ptext990             text990      03AE
__ptext991             text991      0AA6
__ptext992             text992      0D7F
__ptext993             text993      09D3
__ptext994             text994      0AD4
__ptext995             text995      05ED
__ptext996             text996      06DB
__ptext997             text997      0264
__ptext998             text998      0B04
__ptext999             text999      0F3E
__size_of_BH1750_read  (abs)        0000
__size_of_BH1750_write (abs)        0000
__size_of_I2C_read     (abs)        0000
__size_of_I2C_start    (abs)        0000
__size_of_I2C_stop     (abs)        0000
__size_of_I2C_write    (abs)        0000
__size_of___awdiv      (abs)        0000
__size_of___awmod      (abs)        0000
__size_of___awtoft     (abs)        0000
__size_of___ftadd      (abs)        0000
__size_of___ftdiv      (abs)        0000
__size_of___ftmul      (abs)        0000
__size_of___ftneg      (abs)        0000
__size_of___ftpack     (abs)        0000
__size_of___fttol      (abs)        0000
__size_of_delay_ms     (abs)        0000
__size_of_i2c_dly      (abs)        0000
__size_of_isprint      (abs)        0000
__size_of_lcd_busy     (abs)        0000
__size_of_lcd_gotoxy   (abs)        0000
__size_of_lcd_init     (abs)        0000
__size_of_lcd_put_byte (abs)        0000
__size_of_lcd_putc     (abs)        0000
__size_of_lcd_puts     (abs)        0000
__size_of_main         (abs)        0000
__size_of_send_lux     (abs)        0000
__size_of_uart_isr     (abs)        0000
__size_of_uart_tx      (abs)        0000
__size_of_xu_ly_lux    (abs)        0000
_biennt1               bssCOMMON    0075
_biennt2               bssBANK0     0060
_c                     bssBANK1     00E5
_check                 bssBANK1     00A0
_check1                bssCOMMON    0076
_chuc                  bssBANK0     0061
_chuc1                 bssBANK0     0062
_chuc2                 bssBANK0     0063
_chuclux               bssBANK0     0064
_delay_ms              text1004     0A7E
_dosang                bssBANK1     00AA
_dosang1               bssCOMMON    0077
_dvi                   bssBANK0     0065
_dvi1                  bssBANK0     0066
_dvi2                  bssBANK1     00E6
_dvilux                bssBANK0     0067
_err                   bssBANK1     00AD
_exit                  init         0012
_flux1                 bssBANK0     005C
_flux2                 bssBANK1     00BF
_fnt1                  bssBANK1     00C1
_fnt2                  bssBANK1     00C3
_i2c_dly               text1011     0003
_isprint               text1010     0A1D
_isprint$1046          cstackBANK0  0020
_k                     bssBANK1     00C5
_kd1                   bssBANK1     00B0
_ki1                   bssBANK1     00B3
_kp1                   bssBANK1     00B6
_kp5                   bssBANK1     00C7
_kq                    bssBANK1     00C9
_kq2                   bssBANK1     00CB
_kqkd                  bssBANK1     00CD
_kqki                  bssBANK1     00CF
_kqkp                  bssBANK1     00D1
_lcd_busy              text998      0B04
_lcd_gotoxy            text991      0AA6
_lcd_init              text989      04D9
_lcd_put_byte          text999      0F3E
_lcd_putc              text988      0BC1
_lcd_puts              text987      0A59
_lux_set               bssBANK1     00D3
_m                     bssBANK1     00D5
_main                  maintext     0E06
_n                     bssBANK1     00D7
_nghin                 bssBANK0     0068
_nghin1                bssBANK0     0069
_nghinlux              bssBANK0     006A
_nhietdo               bssBANK1     00B9
_nhietdo1              bssBANK1     00D9
_nt1                   bssBANK0     006B
_nt2                   bssBANK0     006C
_output                bssBANK1     00DB
_pre_err               bssBANK1     00DD
_save                  bssCOMMON    0078
_send_lux              text990      03AE
_send_lux$1404         cstackBANK1  00E8
_temp                  bssBANK1     00DF
_tram                  bssBANK0     006D
_tram1                 bssBANK0     006E
_tramlux               bssBANK0     006F
_uart_isr              text1013     0B6F
_uart_tx               text1012     09B9
_value                 bssBANK1     00E1
_value1                bssBANK1     00BC
_value2                bssBANK0     005E
_value3                bssBANK1     00E3
_xu_ly_lux             text986      0021
_xu_ly_lux$1403        cstackBANK1  00E8
btemp                  (abs)        007E
clear_ram              clrtext      09B1
delay_ms@i             cstackBANK0  0023
delay_ms@x             cstackBANK0  0020
end_of_initialization  cinit        0A19
interrupt_function     intentry     0004
intlevel0              functab      0000
intlevel1              functab      0000
intlevel2              functab      0000
intlevel3              functab      0000
intlevel4              functab      0000
intlevel5              functab      0000
isprint@c              cstackBANK0  0021
lcd_busy@busy          cstackBANK0  0021
lcd_gotoxy@address     cstackBANK0  0028
lcd_gotoxy@col         cstackBANK0  0027
lcd_gotoxy@row         cstackBANK0  0025
lcd_put_byte@b         cstackBANK0  0020
lcd_put_byte@rs        cstackBANK0  0023
lcd_put_byte@temp      cstackBANK0  0024
lcd_putc@c             cstackBANK0  002A
lcd_puts@s             cstackBANK0  002C
reset_vec              reset_vec    0000
saved_w                (abs)        007E
start                  init         0012
start_initialization   cinit        0A03
uart_tx@data           cstackBANK0  0020
wtemp0                 (abs)        007E
